// Jest Snapshot v1, https://goo.gl/fbAQLP

exports[`App container should render correctly 1`] = `
<View
  testID="test-app"
/>
`;
